locomo: 10 conversations, 5882 turns, LSA-1024, beta=128, 40 cues/conversation, 6 threads
!! single-corpus run; the both-corpora overfitting guard is NOT in force for these numbers on their own
/home/b/personal-skills/cls-memory/cls_memory/embeddings.py:185: UserWarning: Sparse invariant checks are implicitly disabled. Memory errors (e.g. SEGFAULT) will occur when operating on a sparse tensor which violates the invariants, but checks incur performance overhead. To silence this warning, explicitly opt in or out. See `torch.sparse.check_sparse_tensor_invariants.__doc__` for guidance.  (Triggered internally at /__w/pytorch/pytorch/aten/src/ATen/Context.cpp:816.)
  return torch.sparse_coo_tensor(

  baseline (dense key)  [coords]
      kept     n  complete@1  cosine@1   delta    units  cue cos  iters  conv  clamp  mixture
      0.80   400       1.000     1.000  +0.000    819.8    0.894    2.0  1.00   1.00    0.000
      0.50   400       1.000     1.000  +0.000    514.4    0.707    2.0  1.00   1.00    0.000
      0.30   400       1.000     1.000  +0.000    309.4    0.545    2.0  1.00   1.00    0.000
      0.20   400       1.000     1.000  +0.000    206.1    0.445    2.3  1.00   1.00    0.000
      0.10   400       0.978     0.993  -0.015    102.6    0.313    3.0  1.00   1.00    0.000
      0.05   400       0.733     0.948  -0.215     51.1    0.221    3.6  1.00   1.00    0.000
    (414s)

  whitened (dense key)  [coords]
      kept     n  complete@1  cosine@1   delta    units  cue cos  iters  conv  clamp  mixture
      0.80   400       1.000     1.000  +0.000    819.8    0.894    2.0  1.00   1.00    0.000
      0.50   400       1.000     1.000  +0.000    514.4    0.707    2.0  1.00   1.00    0.000
      0.30   400       1.000     1.000  +0.000    309.4    0.547    2.0  1.00   1.00    0.000
      0.20   400       1.000     1.000  +0.000    206.1    0.446    2.1  1.00   1.00    0.000
      0.10   400       0.993     1.000  -0.007    102.6    0.313    3.0  1.00   1.00    0.000
      0.05   400       0.887     1.000  -0.113     51.1    0.220    3.4  1.00   1.00    0.000
    (467s)

  DG (sparse key)  [coords]
      kept     n  complete@1  cosine@1   delta    units  cue cos  iters  conv  clamp  mixture
      0.80   400       1.000     1.000  +0.000    204.8    0.894    2.0  1.00   1.00    0.000
      0.50   400       1.000     1.000  +0.000    128.7    0.708    2.0  1.00   1.00    0.000
      0.30   400       1.000     1.000  +0.000     77.0    0.547    2.0  1.00   1.00    0.000
      0.20   400       1.000     1.000  +0.000     51.3    0.448    2.3  1.00   1.00    0.000
      0.10   400       1.000     1.000  +0.000     25.3    0.313    3.0  1.00   1.00    0.000
      0.05   400       0.812     0.995  -0.182     12.6    0.220    3.7  1.00   1.00    0.000
    (454s)

  DG (sparse key)  [units]
      kept     n  complete@1  cosine@1   delta    units  cue cos  iters  conv  clamp  mixture
      0.80   400       1.000     1.000  +0.000    204.8    0.894    2.0  1.00   1.00    0.000
      0.50   400       1.000     1.000  +0.000    128.7    0.708    2.0  1.00   1.00    0.000
      0.30   400       1.000     1.000  +0.000     77.0    0.547    2.0  1.00   1.00    0.000
      0.20   400       1.000     1.000  +0.000     51.3    0.448    2.2  1.00   1.00    0.000
      0.10   400       1.000     1.000  +0.000     25.3    0.313    3.0  1.00   1.00    0.000
      0.05   400       1.000     0.995  +0.005     12.6    0.220    3.1  1.00   1.00    0.000
    (476s)
