qmsum: 25 conversations, 14431 turns, LSA-1024, beta=128, 40 cues/conversation, 6 threads
!! single-corpus run; the both-corpora overfitting guard is NOT in force for these numbers on their own
/home/b/personal-skills/cls-memory/cls_memory/embeddings.py:185: UserWarning: Sparse invariant checks are implicitly disabled. Memory errors (e.g. SEGFAULT) will occur when operating on a sparse tensor which violates the invariants, but checks incur performance overhead. To silence this warning, explicitly opt in or out. See `torch.sparse.check_sparse_tensor_invariants.__doc__` for guidance.  (Triggered internally at /__w/pytorch/pytorch/aten/src/ATen/Context.cpp:816.)
  return torch.sparse_coo_tensor(

  baseline (dense key)  [coords]
      kept     n  complete@1  cosine@1   delta    units  cue cos  iters  conv  clamp  mixture
      0.80  1000       0.846     0.847  -0.001    820.0    0.898    2.1  1.00   1.00    0.171
      0.50  1000       0.844     0.843  +0.001    513.9    0.703    2.3  1.00   1.00    0.171
      0.30  1000       0.816     0.819  -0.003    308.5    0.535    2.6  1.00   1.00    0.190
      0.20  1000       0.769     0.786  -0.017    205.3    0.434    3.1  1.00   1.00    0.220
      0.10  1000       0.675     0.721  -0.046    102.4    0.301    3.5  1.00   1.00    0.289
      0.05  1000       0.418     0.627  -0.209     51.3    0.211    4.2  1.00   1.00    0.455
    (1246s)

  whitened (dense key)  [coords]
      kept     n  complete@1  cosine@1   delta    units  cue cos  iters  conv  clamp  mixture
      0.80  1000       0.847     0.849  -0.002    820.0    0.896    2.0  1.00   1.00    0.168
      0.50  1000       0.847     0.849  -0.002    513.9    0.707    2.1  1.00   1.00    0.168
      0.30  1000       0.846     0.848  -0.002    308.5    0.548    2.2  1.00   1.00    0.170
      0.20  1000       0.845     0.847  -0.002    205.3    0.446    2.5  1.00   1.00    0.171
      0.10  1000       0.830     0.840  -0.010    102.4    0.314    3.1  1.00   1.00    0.180
      0.05  1000       0.767     0.821  -0.054     51.3    0.221    3.5  1.00   1.00    0.229
    (1151s)

  DG (sparse key)  [coords]
      kept     n  complete@1  cosine@1   delta    units  cue cos  iters  conv  clamp  mixture
      0.80  1000       0.847     0.849  -0.002    205.0    0.895    2.0  1.00   1.00    0.164
      0.50  1000       0.847     0.849  -0.002    128.4    0.707    2.1  1.00   1.00    0.164
      0.30  1000       0.846     0.849  -0.003     77.1    0.548    2.2  1.00   1.00    0.164
      0.20  1000       0.846     0.849  -0.003     51.2    0.445    2.6  1.00   1.00    0.164
      0.10  1000       0.837     0.848  -0.011     25.4    0.313    3.1  1.00   1.00    0.172
      0.05  1000       0.629     0.836  -0.207     12.6    0.219    3.6  1.00   1.00    0.362
    (944s)

  DG (sparse key)  [units]
      kept     n  complete@1  cosine@1   delta    units  cue cos  iters  conv  clamp  mixture
      0.80  1000       0.847     0.849  -0.002    205.0    0.895    2.0  1.00   1.00    0.164
      0.50  1000       0.847     0.849  -0.002    128.4    0.707    2.0  1.00   1.00    0.164
      0.30  1000       0.847     0.849  -0.002     77.1    0.548    2.2  1.00   1.00    0.164
      0.20  1000       0.847     0.849  -0.002     51.2    0.445    2.5  1.00   1.00    0.164
      0.10  1000       0.847     0.848  -0.001     25.4    0.313    3.0  1.00   1.00    0.164
      0.05  1000       0.847     0.836  +0.011     12.6    0.219    3.2  1.00   1.00    0.164
    (551s)
