torch threads: 6

Loading weights:   0%|          | 0/272 [00:00<?, ?it/s]
Loading weights: 100%|██████████| 272/272 [00:00<00:00, 4981.05it/s]
model HuggingFaceTB/SmolLM2-135M-Instruct  layers 30  rules 26/26  situations 16/16 (smoke subset)

training LearnedReadIn: 249600 params, 60 steps, lr=0.01
  loss  step 0: 3.6300  ->  step 59: 0.0034

=== COMPRESSION (Part VII's metric, same matched-noise controls, kv_learned_all added) ===
  arm                  nll     fc   margin  tokens  slots  compression
  none               3.612  0.500   +0.100       0      0            -
  kv_pool1           3.606  0.500   +0.062       0     26        23.5x
  noise/1            8.786  0.375   -0.193       0     26        23.5x
  kv_super_all       3.625  0.562   +0.085       0      1       610.0x
  kv_super_k4        3.628  0.500   +0.082       0      1       610.0x
  noise/1slot        3.888  0.562   +0.043       0      1       610.0x
  kv_learned_all     1.284  0.875   +1.640       0      1       610.0x
  noise/learned     12.001  0.375   -0.199       0      1       610.0x

=== GENERALIZATION (12 train / 4 held-out situations) ===
  arm                   train nll  held-out nll
  kv_learned_all            0.003         5.126
  kv_super_all (untrained)      3.630         3.609

=== ZERO-CONTEXT-TOKENS (VII.1, re-confirmed, independent of the above) ===
  text 610 tokens -> kv_full 0 tokens, same 610 slots: dNLL -1.490e-07
