locomo: 3 conversations, 1451 turns, 6 threads

/home/b/personal-skills/cls-memory/cls_memory/embeddings.py:185: UserWarning: Sparse invariant checks are implicitly disabled. Memory errors (e.g. SEGFAULT) will occur when operating on a sparse tensor which violates the invariants, but checks incur performance overhead. To silence this warning, explicitly opt in or out. See `torch.sparse.check_sparse_tensor_invariants.__doc__` for guidance.  (Triggered internally at /__w/pytorch/pytorch/aten/src/ATen/Context.cpp:816.)
  return torch.sparse_coo_tensor(
  baseline (LSA-1024, key=embedding)    0.306   0.395   0.439   aniso_emb +0.041  aniso_key +0.041   (494 q, 95s)
  whitened  (raises separation)         0.342   0.433   0.478   aniso_emb -0.001  aniso_key -0.001   (494 q, 129s)
  DG key    (LOWERS separation)         0.298   0.362   0.399   aniso_emb +0.041  aniso_key +0.134   (494 q, 118s)
  both                                  0.318   0.362   0.383   aniso_emb -0.001  aniso_key +0.117   (494 q, 135s)

  exact paired McNemar vs baseline, hit@1 (n=494):
    arm                                     delta   b01   b10         p  verdict
    whitened  (raises separation)          +0.036    20     2    0.0001  RESOLVED
    DG key    (LOWERS separation)          -0.008    13    17    0.5847  tie (not resolvable)
    both                                   +0.012    18    12    0.3616  tie (not resolvable)

  exact paired McNemar vs baseline, hit@10 (n=494):
    arm                                     delta   b01   b10         p  verdict
    whitened  (raises separation)          +0.038    34    15    0.0094  RESOLVED
    DG key    (LOWERS separation)          -0.040    15    35    0.0066  RESOLVED
    both                                   -0.057    20    48    0.0009  RESOLVED

  separation actually achieved (lower anisotropy = better separated):
    baseline (LSA-1024, key=embedding)   aniso_key +0.041
    whitened  (raises separation)        aniso_key -0.001
    DG key    (LOWERS separation)        aniso_key +0.134
    both                                 aniso_key +0.117
