qmsum: 25 conversations, 14431 turns, LSA-1024
grid: 4 separation arms x 5 betas = 20 cells
!! single-corpus run; the both-corpora overfitting guard is NOT in force for these numbers on their own
/home/b/personal-skills/cls-memory/cls_memory/embeddings.py:185: UserWarning: Sparse invariant checks are implicitly disabled. Memory errors (e.g. SEGFAULT) will occur when operating on a sparse tensor which violates the invariants, but checks incur performance overhead. To silence this warning, explicitly opt in or out. See `torch.sparse.check_sparse_tensor_invariants.__doc__` for guidance.  (Triggered internally at /__w/pytorch/pytorch/aten/src/ATen/Context.cpp:816.)
  return torch.sparse_coo_tensor(

  baseline   (n=170 questions, aniso_emb +0.056, aniso_key +0.056)
      beta      @1     @5    @10   rho_rank  top1=cos  ovlp@10  mixture  rho_signal   d@1 vs cos        p
    cosine   0.324  0.694  0.818         --        --       --       --          --           --       --
         2   0.071  0.276  0.412      0.088     0.006    0.068    1.000       0.462       -0.253   0.0000
         8   0.047  0.229  0.365      0.145     0.000    0.060    1.000       0.324       -0.276   0.0000
        32   0.324  0.535  0.659      0.506     0.835    0.386    0.076       0.981       +0.000   1.0000
       128   0.335  0.541  0.682      0.503     0.976    0.384    0.012       1.000       +0.012   0.5000
       512   0.324  0.535  0.676      0.501     0.994    0.382    0.000       1.000       +0.000   1.0000
    shipped read path (ranks by trace.weights; ties broken by index order once the softmax underflows):
        beta      @1     @5    @10   tied questions
           2   0.071  0.276  0.412            0.000
           8   0.047  0.229  0.365            0.000
          32   0.324  0.535  0.659            0.000
         128   0.335  0.541  0.682            0.018
         512   0.324  0.365  0.371            1.000
    (1257s)

  whitened   (n=170 questions, aniso_emb +0.000, aniso_key +0.000)
      beta      @1     @5    @10   rho_rank  top1=cos  ovlp@10  mixture  rho_signal   d@1 vs cos        p
    cosine   0.335  0.676  0.794         --        --       --       --          --           --       --
         2   0.065  0.182  0.288      0.056     0.000    0.033    1.000       0.319       -0.271   0.0000
         8   0.065  0.153  0.282      0.054     0.000    0.034    1.000       0.199       -0.271   0.0000
        32   0.341  0.559  0.718      0.302     0.947    0.441    0.041       0.995       +0.006   1.0000
       128   0.335  0.559  0.718      0.298     0.982    0.439    0.000       1.000       +0.000   1.0000
       512   0.335  0.559  0.718      0.300     0.994    0.439    0.000       1.000       +0.000   1.0000
    shipped read path (ranks by trace.weights; ties broken by index order once the softmax underflows):
        beta      @1     @5    @10   tied questions
           2   0.065  0.182  0.288            0.000
           8   0.065  0.153  0.282            0.000
          32   0.341  0.559  0.718            0.000
         128   0.335  0.571  0.671            0.676
         512   0.335  0.382  0.382            1.000
    (555s)

  DG (neg control)   (n=170 questions, aniso_emb +0.056, aniso_key +0.143)
      beta      @1     @5    @10   rho_rank  top1=cos  ovlp@10  mixture  rho_signal   d@1 vs cos        p
    cosine   0.288  0.624  0.776         --        --       --       --          --           --       --
         2   0.059  0.212  0.347      0.117     0.012    0.058    1.000       0.392       -0.229   0.0000
         8   0.059  0.206  0.335      0.121     0.012    0.051    1.000       0.067       -0.229   0.0000
        32   0.218  0.406  0.553      0.412     0.482    0.278    0.365       0.908       -0.071   0.0118
       128   0.294  0.535  0.659      0.439     0.988    0.348    0.012       0.999       +0.006   1.0000
       512   0.288  0.541  0.665      0.439     1.000    0.344    0.000       1.000       +0.000   1.0000
    shipped read path (ranks by trace.weights; ties broken by index order once the softmax underflows):
        beta      @1     @5    @10   tied questions
           2   0.059  0.212  0.347            0.000
           8   0.059  0.206  0.335            0.000
          32   0.218  0.406  0.553            0.000
         128   0.294  0.535  0.659            0.018
         512   0.288  0.347  0.353            1.000
    (900s)

  both   (n=170 questions, aniso_emb +0.000, aniso_key +0.118)
      beta      @1     @5    @10   rho_rank  top1=cos  ovlp@10  mixture  rho_signal   d@1 vs cos        p
    cosine   0.324  0.700  0.782         --        --       --       --          --           --       --
         2   0.053  0.171  0.271      0.045     0.006    0.042    1.000       0.083       -0.271   0.0000
         8   0.053  0.165  0.265      0.053     0.006    0.042    1.000      -0.075       -0.271   0.0000
        32   0.288  0.488  0.594      0.240     0.606    0.311    0.353       0.926       -0.035   0.1796
       128   0.329  0.535  0.694      0.289     0.988    0.400    0.000       0.999       +0.006   1.0000
       512   0.324  0.529  0.694      0.289     0.994    0.399    0.000       1.000       +0.000   1.0000
    shipped read path (ranks by trace.weights; ties broken by index order once the softmax underflows):
        beta      @1     @5    @10   tied questions
           2   0.053  0.171  0.271            0.000
           8   0.053  0.165  0.265            0.000
          32   0.288  0.488  0.594            0.000
         128   0.329  0.524  0.647            0.594
         512   0.324  0.371  0.376            1.000
    (753s)

  rho_rank across the grid (1.000 = the Hopfield ranking IS cosine kNN):
    arm                      b=2        b=8       b=32      b=128      b=512
    baseline               0.088      0.145      0.506      0.503      0.501
    whitened               0.056      0.054      0.302      0.298      0.300
    DG (neg control)       0.117      0.121      0.412      0.439      0.439
    both                   0.045      0.053      0.240      0.289      0.289
