locomo: 3 conversations, 1451 turns, LSA-1024, 6 threads
grid: 4 separation arms x 5 betas = 20 cells
!! single-corpus run; the both-corpora overfitting guard is NOT in force for these numbers on their own
/home/b/personal-skills/cls-memory/cls_memory/embeddings.py:185: UserWarning: Sparse invariant checks are implicitly disabled. Memory errors (e.g. SEGFAULT) will occur when operating on a sparse tensor which violates the invariants, but checks incur performance overhead. To silence this warning, explicitly opt in or out. See `torch.sparse.check_sparse_tensor_invariants.__doc__` for guidance.  (Triggered internally at /__w/pytorch/pytorch/aten/src/ATen/Context.cpp:816.)
  return torch.sparse_coo_tensor(

  baseline   (n=494 questions, aniso_emb +0.041, aniso_key +0.041)
      beta      @1     @5    @10   rho_rank  top1=cos  ovlp@10  mixture  rho_signal   d@1 vs cos        p
    cosine   0.306  0.561  0.650         --        --       --       --          --           --       --
         2   0.000  0.004  0.010     -0.015     0.000    0.009    1.000      -0.060       -0.306   0.0000
         8   0.004  0.006  0.018      0.000     0.002    0.010    0.998       0.037       -0.302   0.0000
        32   0.300  0.383  0.417      0.160     0.800    0.260    0.000       0.964       -0.006   0.7011
       128   0.306  0.395  0.439      0.288     0.955    0.297    0.000       1.000       +0.000   1.0000
       512   0.308  0.395  0.451      0.319     0.992    0.294    0.000       1.000       +0.002   1.0000
    shipped read path (ranks by trace.weights; ties broken by index order once the softmax underflows):
        beta      @1     @5    @10   tied questions
           2   0.000  0.004  0.010            0.000
           8   0.004  0.006  0.018            0.000
          32   0.300  0.383  0.417            0.000
         128   0.306  0.358  0.383            0.854
         512   0.308  0.318  0.324            1.000
    (101s)

  whitened   (n=494 questions, aniso_emb -0.001, aniso_key -0.001)
      beta      @1     @5    @10   rho_rank  top1=cos  ovlp@10  mixture  rho_signal   d@1 vs cos        p
    cosine   0.342  0.579  0.648         --        --       --       --          --           --       --
         2   0.000  0.002  0.004      0.002     0.000    0.010    1.000       0.024       -0.342   0.0000
         8   0.002  0.006  0.008      0.003     0.004    0.010    0.996       0.107       -0.340   0.0000
        32   0.330  0.395  0.411      0.076     0.820    0.203    0.030       0.977       -0.012   0.3075
       128   0.342  0.433  0.478      0.162     0.955    0.259    0.000       1.000       +0.000   1.0000
       512   0.342  0.431  0.484      0.201     0.996    0.275    0.000       1.000       +0.000   1.0000
    shipped read path (ranks by trace.weights; ties broken by index order once the softmax underflows):
        beta      @1     @5    @10   tied questions
           2   0.000  0.002  0.004            0.000
           8   0.002  0.006  0.008            0.000
          32   0.330  0.395  0.411            0.000
         128   0.342  0.356  0.364            1.000
         512   0.342  0.350  0.356            1.000
    (135s)

  DG (neg control)   (n=494 questions, aniso_emb +0.041, aniso_key +0.134)
      beta      @1     @5    @10   rho_rank  top1=cos  ovlp@10  mixture  rho_signal   d@1 vs cos        p
    cosine   0.296  0.514  0.603         --        --       --       --          --           --       --
         2   0.002  0.002  0.014     -0.009     0.000    0.019    1.000      -0.019       -0.294   0.0000
         8   0.002  0.008  0.022     -0.003     0.000    0.022    1.000      -0.024       -0.294   0.0000
        32   0.229  0.267  0.294      0.104     0.538    0.148    0.354       0.704       -0.067   0.0000
       128   0.298  0.362  0.399      0.264     0.919    0.241    0.000       0.998       +0.002   1.0000
       512   0.298  0.360  0.411      0.294     0.984    0.249    0.000       1.000       +0.002   1.0000
    shipped read path (ranks by trace.weights; ties broken by index order once the softmax underflows):
        beta      @1     @5    @10   tied questions
           2   0.002  0.002  0.014            0.000
           8   0.002  0.008  0.022            0.000
          32   0.229  0.267  0.294            0.000
         128   0.298  0.362  0.397            0.609
         512   0.298  0.304  0.312            1.000
    (121s)

  both   (n=494 questions, aniso_emb -0.001, aniso_key +0.117)
      beta      @1     @5    @10   rho_rank  top1=cos  ovlp@10  mixture  rho_signal   d@1 vs cos        p
    cosine   0.310  0.528  0.595         --        --       --       --          --           --       --
         2   0.002  0.008  0.012      0.004     0.004    0.018    1.000      -0.004       -0.308   0.0000
         8   0.002  0.008  0.012      0.004     0.004    0.018    1.000      -0.013       -0.308   0.0000
        32   0.235  0.265  0.273      0.085     0.540    0.106    0.383       0.732       -0.075   0.0000
       128   0.318  0.362  0.383      0.213     0.907    0.180    0.000       0.997       +0.008   0.3438
       512   0.314  0.360  0.379      0.240     0.972    0.189    0.000       1.000       +0.004   0.5000
    shipped read path (ranks by trace.weights; ties broken by index order once the softmax underflows):
        beta      @1     @5    @10   tied questions
           2   0.002  0.008  0.012            0.000
           8   0.002  0.008  0.012            0.000
          32   0.235  0.265  0.273            0.000
         128   0.318  0.340  0.348            1.000
         512   0.314  0.322  0.328            1.000
    (146s)

  rho_rank across the grid (1.000 = the Hopfield ranking IS cosine kNN):
    arm                      b=2        b=8       b=32      b=128      b=512
    baseline              -0.015      0.000      0.160      0.288      0.319
    whitened               0.002      0.003      0.076      0.162      0.201
    DG (neg control)      -0.009     -0.003      0.104      0.264      0.294
    both                   0.004      0.004      0.085      0.213      0.240
